/home/ec2-user/work/benchmarks/radiomicsj/radiomaticsJ_benchmark/src/test/java/radiomics/TestIntensityVolumeHistogramFeatures.java
/home/ec2-user/work/benchmarks/radiomicsj/radiomaticsJ_benchmark/src/test/java/radiomics/TestGLCMFeatures.java
/home/ec2-user/work/benchmarks/radiomicsj/radiomaticsJ_benchmark/src/test/java/radiomics/TestMorphologicalFeatures.java
/home/ec2-user/work/benchmarks/radiomicsj/radiomaticsJ_benchmark/src/test/java/sandbox/TestAxisLength.java
/home/ec2-user/work/benchmarks/radiomicsj/radiomaticsJ_benchmark/src/test/java/radiomics/TestDiagnostics.java
/home/ec2-user/work/benchmarks/radiomicsj/radiomaticsJ_benchmark/src/test/java/radiomics/TestIntensityHistogramFeatures.java
/home/ec2-user/work/benchmarks/radiomicsj/radiomaticsJ_benchmark/src/test/java/radiomics/TestLocalIntensityFeatures.java
/home/ec2-user/work/benchmarks/radiomicsj/radiomaticsJ_benchmark/src/test/java/sandbox/TestStackRotateHorizontal.java
/home/ec2-user/work/benchmarks/radiomicsj/radiomaticsJ_benchmark/src/test/java/sandbox/TestWaveCoeffs.java
/home/ec2-user/work/benchmarks/radiomicsj/radiomaticsJ_benchmark/src/test/java/radiomics/TestRadiomicsJ.java
/home/ec2-user/work/benchmarks/radiomicsj/radiomaticsJ_benchmark/src/test/java/sandbox/TestInterpolation3D.java
/home/ec2-user/work/benchmarks/radiomicsj/radiomaticsJ_benchmark/src/test/java/radiomics/TestGLDZMFeatures.java
/home/ec2-user/work/benchmarks/radiomicsj/radiomaticsJ_benchmark/src/test/java/radiomics/TestGLRLMFeatures.java
/home/ec2-user/work/benchmarks/radiomicsj/radiomaticsJ_benchmark/src/test/java/radiomics/TestIntensityBasedStatisticalFeatures.java
/home/ec2-user/work/benchmarks/radiomicsj/radiomaticsJ_benchmark/src/test/java/sandbox/TestRangeFiltering.java
/home/ec2-user/work/benchmarks/radiomicsj/radiomaticsJ_benchmark/src/test/java/sandbox/TestImagePreprocessing.java
/home/ec2-user/work/benchmarks/radiomicsj/radiomaticsJ_benchmark/src/test/java/sandbox/TestNormalize.java
/home/ec2-user/work/benchmarks/radiomicsj/radiomaticsJ_benchmark/src/test/java/sandbox/TestResample.java
/home/ec2-user/work/benchmarks/radiomicsj/radiomaticsJ_benchmark/src/test/java/radiomics/TestNGLDMFeatures.java
/home/ec2-user/work/benchmarks/radiomicsj/radiomaticsJ_benchmark/src/test/java/radiomics/Test_IJ_PlugIn.java
/home/ec2-user/work/benchmarks/radiomicsj/radiomaticsJ_benchmark/src/test/java/radiomics/TestNGTDMFeatures.java
/home/ec2-user/work/benchmarks/radiomicsj/radiomaticsJ_benchmark/src/test/java/sandbox/Test3DFeret.java
/home/ec2-user/work/benchmarks/radiomicsj/radiomaticsJ_benchmark/src/test/java/radiomics/TestGLSZMFeatures.java
/home/ec2-user/work/benchmarks/radiomicsj/radiomaticsJ_benchmark/src/test/java/sandbox/TestIntensity.java
/home/ec2-user/work/benchmarks/radiomicsj/radiomaticsJ_benchmark/src/test/java/sandbox/TestOthers.java
/home/ec2-user/work/benchmarks/radiomicsj/radiomaticsJ_benchmark/src/test/java/radiomics/TestShape2D.java
